// Jest Snapshot v1, https://goo.gl/fbAQLP

exports[`del command when g0ver does not exist 1`] = `
Array [
  "select * from g0ver where id in (yutin) and deleted_at is null",
  "insert into g0ver (created_at, id, keyword, updated_at) values (DATE, yutin, , DATE) returning id",
  "update g0ver set keyword = , skills = [], updated_at = DATE where deleted_at is null and id = yutin",
]
`;

exports[`del command when g0ver is existed 1`] = `Array []`;
